../Core/Src/main.c:18:6:delay	16	static
../Core/Src/main.c:23:6:Set_Pin_Output	40	static
../Core/Src/main.c:31:6:Set_Pin_Input	40	static
../Core/Src/main.c:39:6:DHT11_Start	8	static
../Core/Src/main.c:48:9:DHT11_Check_Response	16	static
../Core/Src/main.c:61:9:DHT11_Read	16	static
../Core/Src/main.c:75:5:main	8	static
../Core/Src/main.c:99:6:SystemClock_Config	88	static
../Core/Src/main.c:133:13:MX_TIM5_Init	32	static
../Core/Src/main.c:160:13:MX_GPIO_Init	40	static
../Core/Src/main.c:181:6:Error_Handler	4	static
